# serializer version: 1
# name: test_post_process
  '''
  BEGIN:VCALENDAR
  PRODID:-//blueroom calendar//mxm.dk//
  VERSION:2.0
  END:VCALENDAR
  '''
# ---
# name: test_post_process_event
  '''
  BEGIN:VCALENDAR
  PRODID:-//blueroom calendar//mxm.dk//
  VERSION:2.0
  BEGIN:VEVENT
  DTSTAMP;TZID=Australia/Perth:20200101T140000
  UID:123 2020-01-01T14:00:00+08:00
  DTSTART;TZID=Australia/Perth:20200101T140000
  DTEND;TZID=Australia/Perth:20200101T160000
  SUMMARY:Test Event
  CREATED;TZID=Australia/Perth:20200101T140000
  DESCRIPTION:https://example.com\n\n\nThis is a test event
  LOCATION:Backrooms
  SEQUENCE:0
  END:VEVENT
  BEGIN:VTIMEZONE
  TZID:Australia/Perth
  BEGIN:STANDARD
  DTSTART:20100101T000000
  TZOFFSETTO:0800
  TZOFFSETFROM:0800
  TZNAME:AWST
  END:STANDARD
  END:VTIMEZONE
  END:VCALENDAR
  '''
# ---
